// Jest Snapshot v1, https://goo.gl/fbAQLP

exports[`App Should render 1`] = `
<BrowserRouter>
  <div>
    <Component />
    <Header />
    <Switch>
      <Route
        component={[Function]}
        exact={true}
        path="/"
      />
      <Route
        render={[Function]}
      />
    </Switch>
  </div>
</BrowserRouter>
`;
